<html>
<body>
<pre>
<h1>µVision Build Log</h1>
<h2>Tool Versions:</h2>
IDE-Version: ¦ÌVision V5.21.1.0
Copyright (C) 2016 ARM Ltd and ARM Germany GmbH. All rights reserved.
License Information: 2 2w, w, LIC=LSNNN-YAG7G-EH08P-M9GAT-ZVPYL-9M1C1
 
Tool Versions:
Toolchain:       MDK-ARM Plus  Version: 5.21a
Toolchain Path:  C:\Keil_v5\ARM\ARMCC\Bin
C Compiler:      Armcc.exe V5.06 update 3 (build 300)
Assembler:       Armasm.exe V5.06 update 3 (build 300)
Linker/Locator:  ArmLink.exe V5.06 update 3 (build 300)
Library Manager: ArmAr.exe V5.06 update 3 (build 300)
Hex Converter:   FromElf.exe V5.06 update 3 (build 300)
CPU DLL:         SARMCM3.DLL V5.21a
Dialog DLL:      DCM.DLL V1.13.8.0
Target DLL:      STLink\ST-LINKIII-KEIL_SWO.dll V2.0.18.0
Dialog DLL:      TCM.DLL V1.14.14.0
 
<h2>Project:</h2>
D:\03-project\53-jt_plc\code\zmms_ip\mdk\m_uip.uvprojx
Project File Date:  11/07/2017

<h2>Output:</h2>
*** Using Compiler 'V5.06 update 3 (build 300)', folder: 'C:\Keil_v5\ARM\ARMCC\Bin'
Build target 'm_uip'
compiling stm32f10x_bkp.c...
compiling stm32f10x_adc.c...
compiling misc.c...
compiling stm32f10x_can.c...
compiling stm32f10x_cec.c...
compiling stm32f10x_crc.c...
compiling stm32f10x_dac.c...
compiling stm32f10x_dbgmcu.c...
compiling stm32f10x_dma.c...
compiling stm32f10x_fsmc.c...
compiling stm32f10x_exti.c...
compiling stm32f10x_flash.c...
compiling stm32f10x_gpio.c...
compiling stm32f10x_iwdg.c...
compiling stm32f10x_i2c.c...
compiling stm32f10x_rtc.c...
compiling stm32f10x_pwr.c...
compiling stm32f10x_rcc.c...
compiling stm32f10x_tim.c...
compiling stm32f10x_sdio.c...
compiling stm32f10x_spi.c...
compiling stm32f10x_wwdg.c...
compiling stm32f10x_usart.c...
compiling App.c...
..\User\App.c(562): warning:  #177-D: variable "old_min" was declared but never referenced
  			static uint8_t old_min = 0;
..\User\App.c: 1 warning, 0 errors
compiling ringbuf.c...
compiling stm32f10x_it.c...
compiling rtc_time.c...
compiling wdog.c...
compiling tapdev.c...
compiling timer.c...
compiling bsp_spi1.c...
compiling bsp_usart.c...
compiling bsp_can.c...
..\User\bsp_can.c(35): warning:  #69-D: integer conversion resulted in truncation
      RINGBUF.init(&RINGBUF.ringbuf_n, can_package_merry, 800);
..\User\bsp_can.c: 1 warning, 0 errors
compiling ringbuffer.c...
compiling enc28j60.c...
compiling led.c...
compiling psock.c...
..\uIP-1.0\uip\psock.c(188): warning:  #513-D: a value of type "const char *" cannot be assigned to an entity of type "const u8_t *"
    s->sendptr = buf;
..\uIP-1.0\uip\psock.c(179): warning:  #550-D: variable "PT_YIELD_FLAG" was set but never used
    PT_BEGIN(&s->psockpt);
..\uIP-1.0\uip\psock.c(218): warning:  #550-D: variable "PT_YIELD_FLAG" was set but never used
    PT_BEGIN(&s->psockpt);
..\uIP-1.0\uip\psock.c(276): warning:  #167-D: argument of type "char *" is incompatible with parameter of type "u8_t *"
    buf_setup(&psock->buf, psock->bufptr, psock->bufsize);
..\uIP-1.0\uip\psock.c(274): warning:  #550-D: variable "PT_YIELD_FLAG" was set but never used
    PT_BEGIN(&psock->psockpt);
..\uIP-1.0\uip\psock.c(303): warning:  #167-D: argument of type "char *" is incompatible with parameter of type "u8_t *"
    buf_setup(&psock->buf, psock->bufptr, psock->bufsize);
..\uIP-1.0\uip\psock.c(301): warning:  #550-D: variable "PT_YIELD_FLAG" was set but never used
    PT_BEGIN(&psock->psockpt);
..\uIP-1.0\uip\psock.c(334): warning:  #167-D: argument of type "char *" is incompatible with parameter of type "u8_t *"
    buf_setup(&psock->buf, buffer, buffersize);
..\uIP-1.0\uip\psock.c: 8 warnings, 0 errors
compiling spi_flash.c...
compiling uip.c...
..\uIP-1.0\uip\uip.c(1847): warning:  #177-D: label "ip_send_nolen" was declared but never referenced
   ip_send_nolen:
..\uIP-1.0\uip\uip.c(113): warning:  #177-D: variable "all_ones_addr" was declared but never referenced
  static const uip_ipaddr_t all_ones_addr =
..\uIP-1.0\uip\uip.c: 2 warnings, 0 errors
compiling uiplib.c...
compiling uip-fw.c...
compiling uip_arp.c...
compiling mbfuncdiag.c...
compiling mbfunccoils.c...
compiling uip-neighbor.c...
compiling mbfuncinput.c...
compiling mbfuncdisc.c...
compiling mbfuncholding.c...
compiling mbfuncother.c...
compiling mbtcp.c...
compiling mbutils.c...
compiling porttcp.c...
compiling portevent.c...
compiling mb.c...
assembling startup_stm32f10x_md.s...
compiling system_stm32f10x.c...
linking...
Program Size: Code=21280 RO-data=376 RW-data=428 ZI-data=15036  
FromELF: creating hex file...
".\Objects\m_uip.axf" - 0 Error(s), 12 Warning(s).

<h2>Software Packages used:</h2>

Package Vendor: ARM
                http://www.keil.com/pack/ARM.CMSIS.5.0.0-Beta12.pack
                ARM::CMSIS:CORE:5.0.0
                CMSIS (Cortex Microcontroller Software Interface Standard)
   * Component: CORE Version: 5.0.0

Package Vendor: Keil
                http://www.keil.com/pack/Keil.STM32F1xx_DFP.2.2.0.pack
                Keil::Device:Startup:1.0.0
                STMicroelectronics STM32F1 Series Device Support, Drivers and Examples
   * Component: Startup Version: 1.0.0

<h2>Collection of Component include folders:</h2>
  D:\03-project\53-jt_plc\code\zmms_ip\mdk\RTE
  D:\03-project\53-jt_plc\code\zmms_ip\mdk\RTE\Device\STM32F103RB
  C:\Keil_v5\ARM\PACK\ARM\CMSIS\5.0.0-Beta12\CMSIS\Include
  C:\Keil_v5\ARM\PACK\Keil\STM32F1xx_DFP\2.2.0\Device\Include

<h2>Collection of Component Files used:</h2>

   * Component: ARM::CMSIS:CORE:5.0.0

   * Component: Keil::Device:Startup:1.0.0
      Source file:   Device\Source\ARM\STM32F1xx_OPT.s
      Include file:  RTE_Driver\Config\RTE_Device.h
      Source file:   Device\Source\system_stm32f10x.c
      Source file:   Device\Source\ARM\startup_stm32f10x_md.s
Build Time Elapsed:  00:00:28
</pre>
</body>
</html>
